09/30 14:05:23 INFO: WandB logging disabled (environment variables not set)	[pipeline.py: 599]
09/30 14:05:23 INFO: Starting house-by-house rollout of 1 houses with 1 episodes each (1 total episodes) using 1 worker processes	[pipeline.py: 1217]
09/30 14:05:23 INFO: Evaluation configuration:	[pipeline.py: 1224]
09/30 14:05:23 INFO: {'benchmark_path': PosixPath('/nas/wenyifan/molmospaces_data/cache/benchmarks/molmospaces-bench-v1/20260408/procthor-10k/RBY1PickAndPlaceDataGenConfig/RBY1PickAndPlaceDataGenConfig_20260209_json_benchmark'),
 'camera_config': {'cameras': [{'fov': 139.0,
                                'fov_noise_degrees': (-3.0, 3.0),
                                'is_warped': False,
                                'mjcf_name': 'head_camera',
                                'name': 'head_camera',
                                'orientation_noise_degrees': (4.0, 4.0, 4.0),
                                'pos_noise_range': ((-0.01, -0.01, -0.01),
                                                    (0.01, 0.01, 0.01)),
                                'record_depth': False,
                                'robot_namespace': 'robot_0/',
                                'skip_erosion': True,
                                'visibility_constraints': None},
                               {'fov': 58.0,
                                'fov_noise_degrees': (-4.0, 4.0),
                                'is_warped': False,
                                'mjcf_name': 'wrist_camera_l',
                                'name': 'wrist_camera_l',
                                'orientation_noise_degrees': (8.0, 4.0, 4.0),
                                'pos_noise_range': ((-0.015, -0.005, -0.01),
                                                    (0.015, 0.005, 0.01)),
                                'record_depth': True,
                                'robot_namespace': 'robot_0/',
                                'skip_erosion': False,
                                'visibility_constraints': None},
                               {'fov': 58.0,
                                'fov_noise_degrees': (-4.0, 4.0),
                                'is_warped': False,
                                'mjcf_name': 'wrist_camera_r',
                                'name': 'wrist_camera_r',
                                'orientation_noise_degrees': (8.0, 4.0, 4.0),
                                'pos_noise_range': ((-0.015, -0.005, -0.01),
                                                    (0.015, 0.005, 0.01)),
                                'record_depth': True,
                                'robot_namespace': 'robot_0/',
                                'skip_erosion': False,
                                'visibility_constraints': None}],
                   'img_resolution': (1024, 576)},
 'collision_free_pose_limit': 3,
 'config_version': '0.1',
 'ctrl_dt_ms': 20.0,
 'data_split': 'val',
 'datagen_profiler': False,
 'end_on_success': True,
 'environment_light_intensity': 15000.0,
 'eval_runtime_params': {'add_custom_object': False,
                         'custom_object_name': None,
                         'custom_object_path': None,
                         'episode_idx': 24},
 'filter_for_successful_trajectories': False,
 'log_level': 'info',
 'num_envs': 1,
 'num_workers': 1,
 'output_dir': PosixPath('/data0/wenyifan/MoMaTrajGen/ttt_data_validation/gates/artifacts/g4_smoke/G4MolmoBotRBY1PickPnPEvalConfig/20260930_140133'),
 'policy_config': {'action_horizon': 16,
                   'action_keys': {'base': 'joint_pos_rel',
                                   'left_arm': 'joint_pos_rel',
                                   'left_gripper': 'joint_pos',
                                   'right_arm': 'joint_pos_rel',
                                   'right_gripper': 'joint_pos',
                                   'torso': 'joint_pos'},
                   'action_move_group_names': ['base',
                                               'left_arm',
                                               'left_gripper',
                                               'right_arm',
                                               'right_gripper',
                                               'torso'],
                   'action_spec': {'base': 3,
                                   'left_arm': 7,
                                   'left_gripper': 1,
                                   'right_arm': 7,
                                   'right_gripper': 1,
                                   'torso': 1},
                   'action_type': 'joint_pos_rel',
                   'camera_names': ['wrist_camera_r',
                                    'head_camera',
                                    'wrist_camera_l'],
                   'cameras_to_warp': ['head_camera'],
                   'checkpoint_path': PosixPath('/data0/wenyifan/MoMaTrajGen/nas_wenyifan/models/MolmoBot-RBY1Multitask'),
                   'clamp_gripper': False,
                   'device': 'cuda',
                   'execute_horizon': 8,
                   'gripper_representation_count': 1,
                   'gripper_threshold': 5.0,
                   'max_conditioning_points': 10,
                   'point_prompt_camera': 'head_camera',
                   'policy_cls': <class 'olmo.eval.configure_molmo_spaces.MolmoBotRBY1MultitaskPolicy'>,
                   'policy_factory': <class 'olmo.eval.configure_molmo_spaces.MolmoBotRBY1MultitaskPolicy'>,
                   'policy_type': 'learned',
                   'relative_max_joint_delta': None,
                   'state_indices': {'torso': [1, 2, 3]},
                   'state_spec': {'base': 3,
                                  'left_arm': 7,
                                  'left_gripper': 1,
                                  'right_arm': 7,
                                  'right_gripper': 1,
                                  'torso': 3},
                   'states_mode': 'cross_attn',
                   'use_conditioning_image': False,
                   'use_point_prompts': False},
 'policy_dt_ms': 100.0,
 'profile': False,
 'profiler': None,
 'robot_config': {'K_damping': None,
                  'K_stiffness': None,
                  'action_noise_config': {'action_scale_factor': 0.1,
                                          'base_action_scale_factor': 0.1,
                                          'enabled': False,
                                          'max_base_position_noise': 0.02,
                                          'max_base_rotation_noise': 0.05,
                                          'max_tcp_position_noise': 0.02,
                                          'max_tcp_rotation_noise': 0.1,
                                          'rotation_noise_scale': 0.1},
                  'command_mode': {'arm': 'joint_rel_position',
                                   'base': 'holo_joint_rel_planar_position',
                                   'gripper': 'joint_position',
                                   'head': None,
                                   'torso': 'height'},
                  'default_world_pose': [0.0, 0.0, 0.0],
                  'gravcomp': True,
                  'init_qpos': {'base': array([0., 0., 0.]),
                                'head': array([0. , 0.6]),
                                'left_arm': array([ 0.5,  0. ,  0. , -2.3,  0. , -0.5,  0. ]),
                                'left_gripper': array([-0.05]),
                                'right_arm': array([ 0.5,  0. ,  0. , -2.3,  0. , -0.5,  0. ]),
                                'right_gripper': array([-0.05]),
                                'torso': array([0., 0., 0., 0., 0., 0.])},
                  'init_qpos_noise_range': {'base': array([0., 0., 0.]),
                                            'head': array([0.2, 0.2]),
                                            'left_arm': array([0.05 , 0.05 , 0.075, 0.1  , 0.125, 0.15 , 0.175]),
                                            'left_gripper': array([0.01]),
                                            'right_arm': array([0.05 , 0.05 , 0.075, 0.1  , 0.125, 0.15 , 0.175]),
                                            'right_gripper': array([0.01]),
                                            'torso': array([0., 0., 0., 0., 0., 0.])},
                  'name': 'rby1m',
                  'robot_cls': <class 'molmo_spaces.robots.rby1.RBY1'>,
                  'robot_factory': <class 'molmo_spaces.robots.rby1.RBY1'>,
                  'robot_namespace': 'robot_0/',
                  'robot_view_factory': functools.partial(<class 'molmo_spaces.robots.robot_views.rby1_view.RBY1RobotView'>, holo_base=True),
                  'robot_xml_path': PosixPath('rby1_v1.2_site_control.xml'),
                  'use_holo_base': True},
 'scene_dataset': 'procthor-10k',
 'seed': 42,
 'sim_dt_ms': 4.0,
 'task_config': {'action_dtype': 'float32',
                 'added_objects': {},
                 'object_poses': None,
                 'referral_expressions': {},
                 'referral_expressions_priority': {},
                 'task_cls': None,
                 'tracked_object_names': None,
                 'use_sensors': True},
 'task_config_preset_exp': None,
 'task_config_preset_scn': None,
 'task_horizon': 400,
 'task_sampler_config': {'check_robot_placement_visibility': True,
                         'enable_texture_randomization': False,
                         'house_inds': [107],
                         'load_robot_from_file': True,
                         'max_allowed_sequential_irrecoverable_failures': 5,
                         'max_allowed_sequential_rollout_failures': 10,
                         'max_allowed_sequential_task_sampler_failures': 10,
                         'max_asset_failures': 10,
                         'max_tasks': 10000,
                         'max_total_attempts_multiplier': 6,
                         'randomize_dynamics': False,
                         'randomize_lighting': False,
                         'randomize_robot_textures': False,
                         'randomize_textures': False,
                         'randomize_textures_all': False,
                         'robot_placement_exclusion_threshold': 0.15,
                         'robot_placement_rotation_range_rad': 0.7853981633974483,
                         'samples_per_house': 1,
                         'scene_xml_paths': None,
                         'sim_settle_timesteps': 500,
                         'task_batch_size': 1,
                         'task_sampler_class': <class 'molmo_spaces.tasks.task_sampler.BaseMujocoTaskSampler'>,
                         'verbose': False},
 'task_type': 'pick',
 'terminate_upon_success': False,
 'use_filament': False,
 'use_passive_viewer': False,
 'use_wandb': False,
 'viewer_cam_dict': {'azimuth': 45.0,
                     'distance': 5.0,
                     'elevation': -30.0,
                     'lookat': [0.0, 0.0, 0.5]},
 'wandb_name': None,
 'wandb_project': 'mlspaces-benchmark-eval'}	[pipeline.py: 1225]
09/30 14:05:23 INFO: [Worker 0] Data versions in use: {'robots': {'rby1': '20251224', 'rby1m': '20251224', 'franka_droid': '20260127', 'franka_cap': '20260213', 'floating_rum': '20251110', 'floating_robotiq': '20260208_retry4', 'franka_fr3': '20260303'}, 'scenes': {'ithor': '20251217', 'refs': '20250923', 'procthor-10k-train': '20251122', 'procthor-10k-val': '20251217', 'procthor-10k-test': '20251121', 'holodeck-objaverse-train': '20251217', 'holodeck-objaverse-val': '20251217', 'procthor-objaverse-train': '20251205', 'procthor-objaverse-val': '20251205'}, 'objects': {'thor': '20251117', 'objaverse': '20260131', 'objathor_metadata': '20260129'}, 'grasps': {'droid': '20251116', 'droid_objaverse': '20251218'}, 'test_data': {'franka_pick': '20260209', 'franka_pick_and_place': '20260305', 'rby1_door_opening': '20260228', 'rby1_pnp': '20260305', 'rum_open_close': '20260305', 'rum_pick': '20260209', 'test_randomized_data': '20251209', 'thormap': '20251209'}, 'benchmarks': {'molmospaces-bench-v2': '20260325_1'}}	[task_sampler.py: 317]
09/30 14:05:23 INFO: [Worker 0] Worker 0 starting house 107 (index 0/1)	[pipeline.py: 423]
09/30 14:05:24 INFO: [Worker 0] Loaded 1 episodes for house 107 from /nas/wenyifan/molmospaces_data/cache/benchmarks/molmospaces-bench-v1/20260408/procthor-10k/RBY1PickAndPlaceDataGenConfig/RBY1PickAndPlaceDataGenConfig_20260209_json_benchmark	[json_eval_runner.py: 238]
09/30 14:05:24 INFO: [Worker 0] Data versions in use: {'robots': {'rby1': '20251224', 'rby1m': '20251224', 'franka_droid': '20260127', 'franka_cap': '20260213', 'floating_rum': '20251110', 'floating_robotiq': '20260208_retry4', 'franka_fr3': '20260303'}, 'scenes': {'ithor': '20251217', 'refs': '20250923', 'procthor-10k-train': '20251122', 'procthor-10k-val': '20251217', 'procthor-10k-test': '20251121', 'holodeck-objaverse-train': '20251217', 'holodeck-objaverse-val': '20251217', 'procthor-objaverse-train': '20251205', 'procthor-objaverse-val': '20251205'}, 'objects': {'thor': '20251117', 'objaverse': '20260131', 'objathor_metadata': '20260129'}, 'grasps': {'droid': '20251116', 'droid_objaverse': '20251218'}, 'test_data': {'franka_pick': '20260209', 'franka_pick_and_place': '20260305', 'rby1_door_opening': '20260228', 'rby1_pnp': '20260305', 'rum_open_close': '20260305', 'rum_pick': '20260209', 'test_randomized_data': '20251209', 'thormap': '20251209'}, 'benchmarks': {'molmospaces-bench-v2': '20260325_1'}}	[task_sampler.py: 317]
09/30 14:05:26 INFO: [Worker 0] Added body to scene: place_receptacle/0_0/Pot_18	[json_eval_task_sampler.py: 563]
09/30 14:05:26 INFO: [Worker 0] Added body to scene: place_receptacle/1_0/cbb67bbbe42e42189931574ce0d4926d	[json_eval_task_sampler.py: 563]
09/30 14:05:26 INFO: [Worker 0] Added body to scene: place_receptacle/2_0/Bowl_18	[json_eval_task_sampler.py: 563]
09/30 14:06:03 INFO: [Worker 0] Scene updated: /data0/wenyifan/MoMaTrajGen/MolmoBot/MolmoBot/.venv/lib/python3.11/site-packages/assets/scenes/procthor-10k-val/val_107_ceiling.xml	[task_sampler.py: 797]
09/30 14:06:03 INFO: [Worker 0] randomize_scene: episode_spec says: house_index=107, scene_dataset=procthor-10k, data_split=val	[json_eval_task_sampler.py: 577]
09/30 14:06:03 INFO: [Worker 0] randomize_scene: config says: scene_dataset=procthor-10k, data_split=val	[json_eval_task_sampler.py: 583]
09/30 14:06:03 INFO: [Worker 0] randomize_scene: Setting poses for 34 objects	[json_eval_task_sampler.py: 601]
09/30 14:06:03 INFO: [Worker 0] Scene setup from episode spec completed.	[json_eval_task_sampler.py: 641]
09/30 14:06:03 INFO: [Worker 0] [CAMERA SETUP] Setting up 4 cameras	[camera_manager.py: 300]
09/30 14:06:03 INFO: [Worker 0] [CAMERA SETUP] Set up robot-mounted camera 'head_camera'	[camera_manager.py: 510]
09/30 14:06:03 INFO: [Worker 0] [CAMERA SETUP] Set up robot-mounted camera 'wrist_camera_l'	[camera_manager.py: 510]
09/30 14:06:03 INFO: [Worker 0] [CAMERA SETUP] Set up robot-mounted camera 'wrist_camera_r'	[camera_manager.py: 510]
09/30 14:06:03 INFO: [Worker 0] [CAMERA SETUP] Set up robot-mounted camera 'camera_follower'	[camera_manager.py: 510]
09/30 14:06:03 INFO: [Worker 0] [CAMERA SETUP] Successfully set up 4 cameras	[camera_manager.py: 326]
09/30 14:06:03 INFO: [Worker 0] Sampled task 'Pick up the smooth brown egg and place it in or on the matte dark gray bowl'	[task_sampler.py: 1136]
09/30 14:06:03 INFO: [Worker 0] Worker 0 house 107 episode 0/1 collected=0/1	[pipeline.py: 972]
09/30 14:06:04 WARNING: [Worker 0] Policy <class 'olmo.eval.configure_molmo_spaces.MolmoBotRBY1MultitaskPolicy'> does not support tracking retries.	[sensors.py: 1071]
09/30 14:06:07 WARNING: [Worker 0] Camera sensor 'head_camera' observation mismatch between reset and first step. Overwriting cached observation with current state.	[task.py: 309]
09/30 14:08:07 INFO: [Worker 0] Worker 0 house 107 episode 0 object egg_ab1e6b2ddd5b7baaf103230e82ce5f20_1_0_6 completed with success=False	[pipeline.py: 1036]
09/30 14:08:07 INFO: [Worker 0] Preparing episode data: 401 timesteps	[save_utils.py: 295]
09/30 14:08:41 INFO: [Worker 0] Batching and saving trajectory data for house_107: 1 episodes	[pipeline.py: 214]
09/30 14:08:42 WARNING: [Worker 0] No terminated recorded, assuming episode ended	[save_utils.py: 670]
09/30 14:08:42 INFO: [Worker 0] Saved 1 episodes to: /data0/wenyifan/MoMaTrajGen/ttt_data_validation/gates/artifacts/g4_smoke/G4MolmoBotRBY1PickPnPEvalConfig/20260930_140133/house_107	[save_utils.py: 714]
09/30 14:08:42 INFO: [Worker 0] Successfully saved trajectory data for house_107 in 0.10s (batch: 0.00s, save: 0.10s)	[pipeline.py: 264]
09/30 14:08:42 WARNING: [Worker 0] No trajectory data to save for house_107	[pipeline.py: 210]
09/30 14:08:42 INFO: [Worker 0] Worker 0 completed house 107: 0/1 successful episodes	[pipeline.py: 1181]
09/30 14:08:42 INFO: [Worker 0] Worker 0 completed processing assigned houses	[pipeline.py: 471]
09/30 14:08:43 INFO: Completed 1 houses, skipped 0 houses	[pipeline.py: 1346]
09/30 14:08:43 INFO: Success count: 0, Total count: 1	[pipeline.py: 1349]
09/30 14:08:43 INFO: Success rate: 0.00%	[pipeline.py: 1350]
